#-----------------------------------------------------------
# Vivado v2023.1 (64-bit)
# SW Build 3865809 on Sun May  7 15:05:29 MDT 2023
# IP Build 3864474 on Sun May  7 20:36:21 MDT 2023
# SharedData Build 3865790 on Sun May 07 13:33:03 MDT 2023
# Start of session at: Fri Dec 13 10:40:48 2024
# Process ID: 15296
# Current directory: D:/INSA_Toulouse/BE_VHDL/BE_VHDL
# Command line: vivado.exe -gui_launcher_event rodinguilauncherevent9404 D:\INSA_Toulouse\BE_VHDL\BE_VHDL\BE_VHDL.xpr
# Log file: D:/INSA_Toulouse/BE_VHDL/BE_VHDL/vivado.log
# Journal file: D:/INSA_Toulouse/BE_VHDL/BE_VHDL\vivado.jou
# Running On: DESKTOP-KMFD8FM, OS: Windows, CPU Frequency: 2400 MHz, CPU Physical cores: 4, Host memory: 8464 MB
#-----------------------------------------------------------
start_gui
open_project D:/INSA_Toulouse/BE_VHDL/BE_VHDL/BE_VHDL.xpr
update_compile_order -fileset sources_1
launch_simulation
launch_simulation
launch_simulation
source Ilustration6_test.tcl
current_wave_config {Untitled 1}
add_wave {{/Ilustration6_test/CPU6/U13/Memoire}} 
current_wave_config {Untitled 1}
add_wave {{/Ilustration6_test/CPU6/U4/registers}} 
restart
run all
save_wave_config {D:/INSA_Toulouse/BE_VHDL/BE_VHDL/Ilustration6_test_behav.wcfg}
add_files -fileset sim_1 -norecurse D:/INSA_Toulouse/BE_VHDL/BE_VHDL/Ilustration6_test_behav.wcfg
set_property xsim.view D:/INSA_Toulouse/BE_VHDL/BE_VHDL/Ilustration6_test_behav.wcfg [get_filesets sim_1]
close_sim
launch_simulation
open_wave_config D:/INSA_Toulouse/BE_VHDL/BE_VHDL/Ilustration6_test_behav.wcfg
source Ilustration6_test.tcl
restart
run all
close_sim
