#-----------------------------------------------------------
# Vivado v2023.1 (64-bit)
# SW Build 3865809 on Sun May  7 15:05:29 MDT 2023
# IP Build 3864474 on Sun May  7 20:36:21 MDT 2023
# SharedData Build 3865790 on Sun May 07 13:33:03 MDT 2023
# Start of session at: Mon Dec  9 15:07:49 2024
# Process ID: 11988
# Current directory: D:/INSA_Toulouse/BE_VHDL/BE_Conception_uP_RISC
# Command line: vivado.exe -gui_launcher_event rodinguilauncherevent23328 D:\INSA_Toulouse\BE_VHDL\BE_Conception_uP_RISC\BE_Conception_uP_RISC.xpr
# Log file: D:/INSA_Toulouse/BE_VHDL/BE_Conception_uP_RISC/vivado.log
# Journal file: D:/INSA_Toulouse/BE_VHDL/BE_Conception_uP_RISC\vivado.jou
# Running On: DESKTOP-KMFD8FM, OS: Windows, CPU Frequency: 2400 MHz, CPU Physical cores: 4, Host memory: 8464 MB
#-----------------------------------------------------------
start_gui
open_project D:/INSA_Toulouse/BE_VHDL/BE_Conception_uP_RISC/BE_Conception_uP_RISC.xpr
update_compile_order -fileset sources_1
reset_run synth_1
launch_runs synth_1 -jobs 4
wait_on_run synth_1
launch_simulation
open_wave_config D:/INSA_Toulouse/BE_VHDL/BE_Conception_uP_RISC/DATA_Flow_test_behav.wcfg
source test_ALU.tcl
close_sim
